PRT1
41
106
118
4 0 29 0 (0 1024 1024 ) (0 1024 1524 ) (0 1560 1524 ) (0 1560 1024 ) 
4 0 3 0 (0 1024 1524 ) (0 1024 1024 ) (1012 1024 1024 ) (1012 1024 1524 ) 
4 0 1 0 (1012 1024 1024 ) (0 1024 1024 ) (0 1560 1024 ) (1012 1560 1024 ) 
4 1 30 0 (0 1024 0 ) (0 1024 1024 ) (0 1560 1024 ) (0 1560 0 ) 
4 1 5 0 (136 1024 0 ) (280 1024 0 ) (280 1024 1024 ) (136 1024 1024 ) 
4 1 4 0 (280 1024 0 ) (1012 1024 0 ) (1012 1024 1024 ) (280 1024 1024 ) 
4 1 21 0 (0 1024 1024 ) (0 1024 0 ) (136 1024 0 ) (136 1024 1024 ) 
4 1 2 0 (1012 1024 0 ) (0 1024 0 ) (0 1560 0 ) (1012 1560 0 ) 
4 2 31 0 (0 1024 -648 ) (0 1024 0 ) (0 1560 0 ) (0 1560 -648 ) 
4 2 22 0 (0 1024 0 ) (0 1024 -648 ) (1012 1024 -648 ) (1012 1024 0 ) 
4 3 32 0 (0 0 1024 ) (0 0 1524 ) (0 1024 1524 ) (0 1024 1024 ) 
4 3 23 0 (0 0 1524 ) (0 0 1024 ) (1012 0 1024 ) (1012 0 1524 ) 
4 3 8 0 (280 0 1024 ) (136 0 1024 ) (136 168 1024 ) (280 168 1024 ) 
4 3 6 0 (136 168 1024 ) (136 176 1024 ) (280 176 1024 ) (280 168 1024 ) 
4 3 5 0 (136 176 1024 ) (136 1024 1024 ) (280 1024 1024 ) (280 176 1024 ) 
4 3 4 0 (1012 0 1024 ) (280 0 1024 ) (280 1024 1024 ) (1012 1024 1024 ) 
4 3 21 0 (136 0 1024 ) (0 0 1024 ) (0 1024 1024 ) (136 1024 1024 ) 
4 4 24 0 (280 0 0 ) (1012 0 0 ) (1012 0 1024 ) (280 0 1024 ) 
4 4 22 0 (1012 0 0 ) (280 0 0 ) (280 1024 0 ) (1012 1024 0 ) 
4 4 18 0 (280 24 0 ) (280 0 0 ) (280 0 18 ) (280 24 18 ) 
4 4 17 0 (280 0 18 ) (280 0 40 ) (280 24 40 ) (280 24 18 ) 
4 4 14 0 (280 168 0 ) (280 32 0 ) (280 32 14 ) (280 168 14 ) 
4 4 13 0 (280 32 16 ) (280 168 16 ) (280 168 14 ) (280 32 14 ) 
4 4 9 0 (280 144 40 ) (280 168 40 ) (280 168 32 ) (280 144 32 ) 
4 4 12 0 (280 24 32 ) (280 24 40 ) (280 144 40 ) (280 144 32 ) 
4 4 8 0 (280 0 40 ) (280 0 1024 ) (280 168 1024 ) (280 168 40 ) 
4 4 6 0 (280 168 64 ) (280 168 1024 ) (280 176 1024 ) (280 176 64 ) 
4 4 5 0 (280 1024 0 ) (280 176 0 ) (280 176 1024 ) (280 1024 1024 ) 
4 5 22 0 (136 176 0 ) (136 1024 0 ) (280 1024 0 ) (280 176 0 ) 
4 5 7 0 (144 176 0 ) (272 176 0 ) (272 176 14 ) (144 176 14 ) 
4 5 6 0 (136 176 1024 ) (136 176 64 ) (280 176 64 ) (280 176 1024 ) 
4 5 21 0 (136 1024 0 ) (136 176 0 ) (136 176 1024 ) (136 1024 1024 ) 
4 6 8 0 (136 168 1024 ) (136 168 64 ) (280 168 64 ) (280 168 1024 ) 
4 6 21 0 (136 168 64 ) (136 168 1024 ) (136 176 1024 ) (136 176 64 ) 
4 7 22 0 (144 176 0 ) (272 176 0 ) (272 168 0 ) (144 168 0 ) 
4 7 15 0 (144 168 0 ) (272 168 0 ) (272 168 14 ) (144 168 14 ) 
4 8 24 0 (280 0 40 ) (280 0 1024 ) (136 0 1024 ) (136 0 40 ) 
4 8 17 0 (136 0 40 ) (136 24 40 ) (280 24 40 ) (280 0 40 ) 
4 8 10 0 (192 168 40 ) (224 168 40 ) (224 144 40 ) (192 144 40 ) 
4 8 11 0 (136 144 40 ) (136 168 40 ) (152 168 40 ) (152 144 40 ) 
4 8 9 0 (264 168 40 ) (280 168 40 ) (280 144 40 ) (264 144 40 ) 
4 8 12 0 (136 24 40 ) (136 144 40 ) (280 144 40 ) (280 24 40 ) 
4 8 21 0 (136 0 40 ) (136 0 1024 ) (136 168 1024 ) (136 168 40 ) 
4 9 12 0 (264 144 32 ) (280 144 32 ) (280 144 40 ) (264 144 40 ) 
4 10 12 0 (192 144 32 ) (224 144 32 ) (224 144 40 ) (192 144 40 ) 
4 11 21 0 (136 144 40 ) (136 168 40 ) (136 168 32 ) (136 144 32 ) 
4 11 12 0 (136 144 32 ) (152 144 32 ) (152 144 40 ) (136 144 40 ) 
4 12 17 0 (280 24 32 ) (280 24 40 ) (136 24 40 ) (136 24 32 ) 
4 12 21 0 (136 24 32 ) (136 24 40 ) (136 144 40 ) (136 144 32 ) 
4 13 14 0 (279 168 14 ) (280 168 14 ) (280 32 14 ) (279 32 14 ) 
4 14 22 0 (272 168 0 ) (280 168 0 ) (280 32 0 ) (272 32 0 ) 
4 14 15 0 (272 32 14 ) (272 168 14 ) (272 168 0 ) (272 32 0 ) 
4 15 22 0 (144 168 0 ) (272 168 0 ) (272 24 0 ) (144 24 0 ) 
4 15 20 0 (144 24 14 ) (144 24 0 ) (272 24 0 ) (272 24 14 ) 
4 15 16 0 (144 32 14 ) (144 168 14 ) (144 168 0 ) (144 32 0 ) 
4 16 22 0 (136 32 0 ) (136 168 0 ) (144 168 0 ) (144 32 0 ) 
4 16 21 0 (136 168 0 ) (136 32 0 ) (136 32 14 ) (136 168 14 ) 
4 17 24 0 (280 0 18 ) (280 0 40 ) (136 0 40 ) (136 0 18 ) 
4 17 19 0 (136 0 18 ) (136 22 18 ) (279 22 18 ) (279 0 18 ) 
4 17 18 0 (279 24 18 ) (280 24 18 ) (280 0 18 ) (279 0 18 ) 
4 17 21 0 (136 0 18 ) (136 0 40 ) (136 24 40 ) (136 24 18 ) 
4 18 24 0 (279 0 0 ) (280 0 0 ) (280 0 18 ) (279 0 18 ) 
4 18 22 0 (280 0 0 ) (279 0 0 ) (279 24 0 ) (280 24 0 ) 
4 18 19 0 (279 0 18 ) (279 22 18 ) (279 22 14 ) (279 0 14 ) 
4 18 20 0 (279 24 14 ) (279 24 0 ) (279 0 0 ) (279 0 14 ) 
4 19 24 0 (279 0 14 ) (279 0 18 ) (136 0 18 ) (136 0 14 ) 
4 19 20 0 (136 0 14 ) (136 22 14 ) (279 22 14 ) (279 0 14 ) 
4 19 21 0 (136 0 14 ) (136 0 18 ) (136 22 18 ) (136 22 14 ) 
4 20 24 0 (136 0 0 ) (279 0 0 ) (279 0 14 ) (136 0 14 ) 
4 20 22 0 (279 0 0 ) (136 0 0 ) (136 24 0 ) (279 24 0 ) 
4 20 21 0 (136 24 0 ) (136 0 0 ) (136 0 14 ) (136 24 14 ) 
4 21 33 0 (0 0 0 ) (0 0 1024 ) (0 1024 1024 ) (0 1024 0 ) 
4 21 24 0 (0 0 1024 ) (0 0 0 ) (136 0 0 ) (136 0 1024 ) 
4 21 22 0 (136 0 0 ) (0 0 0 ) (0 1024 0 ) (136 1024 0 ) 
4 22 34 0 (0 0 -648 ) (0 0 0 ) (0 1024 0 ) (0 1024 -648 ) 
4 22 25 0 (0 0 0 ) (0 0 -648 ) (1012 0 -648 ) (1012 0 0 ) 
4 23 35 0 (0 -1024 1024 ) (0 -1024 1524 ) (0 0 1524 ) (0 0 1024 ) 
4 23 26 0 (0 -1024 1524 ) (0 -1024 1024 ) (1012 -1024 1024 ) (1012 -1024 1524 ) 
4 23 24 0 (1012 -1024 1024 ) (0 -1024 1024 ) (0 0 1024 ) (1012 0 1024 ) 
4 24 36 0 (0 -1024 0 ) (0 -1024 1024 ) (0 0 1024 ) (0 0 0 ) 
4 24 27 0 (0 -1024 1024 ) (0 -1024 0 ) (1012 -1024 0 ) (1012 -1024 1024 ) 
4 24 25 0 (1012 -1024 0 ) (0 -1024 0 ) (0 0 0 ) (1012 0 0 ) 
4 25 37 0 (0 -1024 -648 ) (0 -1024 0 ) (0 0 0 ) (0 0 -648 ) 
4 25 28 0 (0 -1024 0 ) (0 -1024 -648 ) (1012 -1024 -648 ) (1012 -1024 0 ) 
4 26 38 0 (0 -1024 1524 ) (0 -1024 1024 ) (0 -1404 1024 ) (0 -1404 1524 ) 
4 26 27 0 (0 -1404 1024 ) (0 -1024 1024 ) (1012 -1024 1024 ) (1012 -1404 1024 ) 
4 27 39 0 (0 -1404 1024 ) (0 -1024 1024 ) (0 -1024 0 ) (0 -1404 0 ) 
4 27 28 0 (0 -1404 0 ) (0 -1024 0 ) (1012 -1024 0 ) (1012 -1404 0 ) 
4 28 40 0 (0 -1404 0 ) (0 -1024 0 ) (0 -1024 -648 ) (0 -1404 -648 ) 
4 29 32 0 (-972 1024 1024 ) (0 1024 1024 ) (0 1024 1524 ) (-972 1024 1524 ) 
4 29 30 0 (0 1024 1024 ) (-972 1024 1024 ) (-972 1560 1024 ) (0 1560 1024 ) 
4 30 33 0 (-972 1024 0 ) (0 1024 0 ) (0 1024 1024 ) (-972 1024 1024 ) 
4 30 31 0 (0 1024 0 ) (-972 1024 0 ) (-972 1560 0 ) (0 1560 0 ) 
4 31 34 0 (0 1024 -648 ) (0 1024 0 ) (-972 1024 0 ) (-972 1024 -648 ) 
4 32 35 0 (0 0 1024 ) (0 0 1524 ) (-972 0 1524 ) (-972 0 1024 ) 
4 32 33 0 (0 0 1024 ) (-972 0 1024 ) (-972 1024 1024 ) (0 1024 1024 ) 
4 33 36 0 (0 0 0 ) (0 0 1024 ) (-972 0 1024 ) (-972 0 0 ) 
4 33 34 0 (0 0 0 ) (-972 0 0 ) (-972 1024 0 ) (0 1024 0 ) 
4 34 37 0 (0 0 -648 ) (0 0 0 ) (-972 0 0 ) (-972 0 -648 ) 
4 35 38 0 (-972 -1024 1024 ) (0 -1024 1024 ) (0 -1024 1524 ) (-972 -1024 1524 ) 
4 35 36 0 (0 -1024 1024 ) (-972 -1024 1024 ) (-972 0 1024 ) (0 0 1024 ) 
4 36 39 0 (-972 -1024 0 ) (0 -1024 0 ) (0 -1024 1024 ) (-972 -1024 1024 ) 
4 36 37 0 (0 -1024 0 ) (-972 -1024 0 ) (-972 0 0 ) (0 0 0 ) 
4 37 40 0 (0 -1024 -648 ) (0 -1024 0 ) (-972 -1024 0 ) (-972 -1024 -648 ) 
4 38 39 0 (-972 -1024 1024 ) (0 -1024 1024 ) (0 -1404 1024 ) (-972 -1404 1024 ) 
4 39 40 0 (-972 -1024 0 ) (0 -1024 0 ) (0 -1404 0 ) (-972 -1404 0 ) 
4 0 (1012 1560 1524 ) (1012 1560 1024 ) (0 1560 1024 ) (0 1560 1524 ) 
4 0 (1012 1560 1524 ) (1012 1024 1524 ) (1012 1024 1024 ) (1012 1560 1024 ) 
4 0 (0 1024 1524 ) (1012 1024 1524 ) (1012 1560 1524 ) (0 1560 1524 ) 
4 1 (1012 1560 1024 ) (1012 1024 1024 ) (1012 1024 0 ) (1012 1560 0 ) 
4 1 (0 1560 1024 ) (1012 1560 1024 ) (1012 1560 0 ) (0 1560 0 ) 
4 2 (1012 1024 0 ) (1012 1024 -648 ) (1012 1560 -648 ) (1012 1560 0 ) 
4 2 (1012 1560 -648 ) (0 1560 -648 ) (0 1560 0 ) (1012 1560 0 ) 
4 2 (0 1560 -648 ) (1012 1560 -648 ) (1012 1024 -648 ) (0 1024 -648 ) 
4 3 (1012 0 1524 ) (1012 0 1024 ) (1012 1024 1024 ) (1012 1024 1524 ) 
4 3 (0 0 1524 ) (1012 0 1524 ) (1012 1024 1524 ) (0 1024 1524 ) 
4 4 (280 32 0 ) (280 24 0 ) (280 24 14 ) (280 32 14 ) 
4 4 (280 24 14 ) (280 24 16 ) (280 32 16 ) (280 32 14 ) 
4 4 (280 24 16 ) (280 24 32 ) (280 168 32 ) (280 168 16 ) 
4 4 (280 176 0 ) (280 168 0 ) (280 168 14 ) (280 176 14 ) 
4 4 (280 168 14 ) (280 168 64 ) (280 176 64 ) (280 176 14 ) 
4 4 (1012 1024 1024 ) (1012 0 1024 ) (1012 0 0 ) (1012 1024 0 ) 
4 5 (136 176 14 ) (136 176 0 ) (144 176 0 ) (144 176 14 ) 
4 5 (272 176 0 ) (280 176 0 ) (280 176 14 ) (272 176 14 ) 
4 5 (136 176 64 ) (136 176 14 ) (280 176 14 ) (280 176 64 ) 
4 6 (280 168 64 ) (136 168 64 ) (136 176 64 ) (280 176 64 ) 
4 7 (272 176 0 ) (272 176 14 ) (272 168 14 ) (272 168 0 ) 
4 7 (272 176 14 ) (144 176 14 ) (144 168 14 ) (272 168 14 ) 
4 7 (144 168 0 ) (144 168 14 ) (144 176 14 ) (144 176 0 ) 
4 8 (152 168 40 ) (192 168 40 ) (192 144 40 ) (152 144 40 ) 
4 8 (224 168 40 ) (264 168 40 ) (264 144 40 ) (224 144 40 ) 
4 8 (280 168 64 ) (280 168 40 ) (136 168 40 ) (136 168 64 ) 
4 9 (264 168 32 ) (279 168 32 ) (279 144 32 ) (264 144 32 ) 
4 9 (279 168 32 ) (280 168 32 ) (280 144 32 ) (279 144 32 ) 
4 9 (264 168 32 ) (264 144 32 ) (264 144 40 ) (264 168 40 ) 
4 9 (264 168 40 ) (280 168 40 ) (280 168 32 ) (264 168 32 ) 
4 10 (192 168 32 ) (224 168 32 ) (224 144 32 ) (192 144 32 ) 
4 10 (224 168 40 ) (224 144 40 ) (224 144 32 ) (224 168 32 ) 
4 10 (192 168 40 ) (224 168 40 ) (224 168 32 ) (192 168 32 ) 
4 10 (192 168 32 ) (192 144 32 ) (192 144 40 ) (192 168 40 ) 
4 11 (136 144 32 ) (136 168 32 ) (144 168 32 ) (144 144 32 ) 
4 11 (144 168 32 ) (152 168 32 ) (152 144 32 ) (144 144 32 ) 
4 11 (152 168 40 ) (152 144 40 ) (152 144 32 ) (152 168 32 ) 
4 11 (152 168 40 ) (152 168 32 ) (136 168 32 ) (136 168 40 ) 
4 12 (144 24 32 ) (136 24 32 ) (136 144 32 ) (144 144 32 ) 
4 12 (279 24 32 ) (144 24 32 ) (144 144 32 ) (279 144 32 ) 
4 12 (280 24 32 ) (279 24 32 ) (279 144 32 ) (280 144 32 ) 
4 12 (152 144 40 ) (192 144 40 ) (192 144 32 ) (152 144 32 ) 
4 12 (224 144 40 ) (264 144 40 ) (264 144 32 ) (224 144 32 ) 
4 13 (279 32 14 ) (280 32 14 ) (280 32 16 ) (279 32 16 ) 
4 13 (280 32 16 ) (280 168 16 ) (279 168 16 ) (279 32 16 ) 
4 13 (279 168 16 ) (280 168 16 ) (280 168 14 ) (279 168 14 ) 
4 13 (279 168 14 ) (279 32 14 ) (279 32 16 ) (279 168 16 ) 
4 14 (272 168 14 ) (280 168 14 ) (280 168 0 ) (272 168 0 ) 
4 14 (279 32 14 ) (279 168 14 ) (272 168 14 ) (272 32 14 ) 
4 14 (280 32 0 ) (280 32 14 ) (272 32 14 ) (272 32 0 ) 
4 15 (144 24 0 ) (144 24 14 ) (144 32 14 ) (144 32 0 ) 
4 15 (272 32 0 ) (272 32 14 ) (272 24 14 ) (272 24 0 ) 
4 15 (272 24 14 ) (272 168 14 ) (144 168 14 ) (144 24 14 ) 
4 16 (136 32 14 ) (144 32 14 ) (144 168 14 ) (136 168 14 ) 
4 16 (144 168 14 ) (144 168 0 ) (136 168 0 ) (136 168 14 ) 
4 16 (144 32 0 ) (144 32 14 ) (136 32 14 ) (136 32 0 ) 
4 17 (136 22 18 ) (136 24 18 ) (279 24 18 ) (279 22 18 ) 
4 17 (279 24 18 ) (279 24 32 ) (280 24 32 ) (280 24 18 ) 
4 17 (279 24 18 ) (144 24 18 ) (144 24 32 ) (279 24 32 ) 
4 17 (144 24 18 ) (136 24 18 ) (136 24 32 ) (144 24 32 ) 
4 18 (279 22 18 ) (279 24 18 ) (279 24 14 ) (279 22 14 ) 
4 18 (279 24 0 ) (279 24 14 ) (280 24 14 ) (280 24 0 ) 
4 18 (279 24 14 ) (279 24 16 ) (280 24 16 ) (280 24 14 ) 
4 18 (279 24 16 ) (279 24 18 ) (280 24 18 ) (280 24 16 ) 
4 19 (136 22 18 ) (279 22 18 ) (279 22 14 ) (136 22 14 ) 
4 20 (279 22 14 ) (279 24 14 ) (136 24 14 ) (136 22 14 ) 
4 20 (279 24 0 ) (272 24 0 ) (272 24 14 ) (279 24 14 ) 
4 20 (144 24 14 ) (144 24 0 ) (136 24 0 ) (136 24 14 ) 
4 21 (136 22 14 ) (136 24 14 ) (136 24 18 ) (136 22 18 ) 
4 21 (136 32 14 ) (136 24 14 ) (136 24 0 ) (136 32 0 ) 
4 21 (136 168 14 ) (136 168 32 ) (136 24 32 ) (136 24 14 ) 
4 21 (136 176 14 ) (136 168 14 ) (136 168 0 ) (136 176 0 ) 
4 21 (136 176 14 ) (136 176 64 ) (136 168 64 ) (136 168 14 ) 
4 22 (1012 0 -648 ) (0 0 -648 ) (0 1024 -648 ) (1012 1024 -648 ) 
4 22 (144 24 0 ) (144 32 0 ) (136 32 0 ) (136 24 0 ) 
4 22 (272 32 0 ) (272 24 0 ) (280 24 0 ) (280 32 0 ) 
4 22 (144 168 0 ) (144 176 0 ) (136 176 0 ) (136 168 0 ) 
4 22 (272 168 0 ) (280 168 0 ) (280 176 0 ) (272 176 0 ) 
4 22 (1012 1024 0 ) (1012 0 0 ) (1012 0 -648 ) (1012 1024 -648 ) 
4 23 (1012 0 1524 ) (0 0 1524 ) (0 -1024 1524 ) (1012 -1024 1524 ) 
4 23 (1012 0 1524 ) (1012 -1024 1524 ) (1012 -1024 1024 ) (1012 0 1024 ) 
4 24 (1012 0 1024 ) (1012 -1024 1024 ) (1012 -1024 0 ) (1012 0 0 ) 
4 25 (1012 0 -648 ) (1012 0 0 ) (1012 -1024 0 ) (1012 -1024 -648 ) 
4 25 (0 0 -648 ) (1012 0 -648 ) (1012 -1024 -648 ) (0 -1024 -648 ) 
4 26 (1012 -1024 1524 ) (0 -1024 1524 ) (0 -1404 1524 ) (1012 -1404 1524 ) 
4 26 (0 -1404 1524 ) (0 -1404 1024 ) (1012 -1404 1024 ) (1012 -1404 1524 ) 
4 26 (1012 -1024 1524 ) (1012 -1404 1524 ) (1012 -1404 1024 ) (1012 -1024 1024 ) 
4 27 (0 -1404 0 ) (1012 -1404 0 ) (1012 -1404 1024 ) (0 -1404 1024 ) 
4 27 (1012 -1024 1024 ) (1012 -1404 1024 ) (1012 -1404 0 ) (1012 -1024 0 ) 
4 28 (0 -1404 -648 ) (1012 -1404 -648 ) (1012 -1404 0 ) (0 -1404 0 ) 
4 28 (0 -1404 -648 ) (0 -1024 -648 ) (1012 -1024 -648 ) (1012 -1404 -648 ) 
4 28 (1012 -1024 0 ) (1012 -1404 0 ) (1012 -1404 -648 ) (1012 -1024 -648 ) 
4 29 (-972 1560 1524 ) (0 1560 1524 ) (0 1560 1024 ) (-972 1560 1024 ) 
4 29 (0 1560 1524 ) (-972 1560 1524 ) (-972 1024 1524 ) (0 1024 1524 ) 
4 29 (-972 1560 1524 ) (-972 1560 1024 ) (-972 1024 1024 ) (-972 1024 1524 ) 
4 30 (-972 1560 0 ) (-972 1024 0 ) (-972 1024 1024 ) (-972 1560 1024 ) 
4 30 (0 1560 1024 ) (0 1560 0 ) (-972 1560 0 ) (-972 1560 1024 ) 
4 31 (-972 1560 0 ) (-972 1560 -648 ) (-972 1024 -648 ) (-972 1024 0 ) 
4 31 (-972 1560 -648 ) (-972 1560 0 ) (0 1560 0 ) (0 1560 -648 ) 
4 31 (0 1024 -648 ) (-972 1024 -648 ) (-972 1560 -648 ) (0 1560 -648 ) 
4 32 (0 1024 1524 ) (-972 1024 1524 ) (-972 0 1524 ) (0 0 1524 ) 
4 32 (-972 1024 1024 ) (-972 0 1024 ) (-972 0 1524 ) (-972 1024 1524 ) 
4 33 (-972 1024 0 ) (-972 0 0 ) (-972 0 1024 ) (-972 1024 1024 ) 
4 34 (0 0 -648 ) (-972 0 -648 ) (-972 1024 -648 ) (0 1024 -648 ) 
4 34 (-972 1024 -648 ) (-972 0 -648 ) (-972 0 0 ) (-972 1024 0 ) 
4 35 (-972 0 1524 ) (-972 0 1024 ) (-972 -1024 1024 ) (-972 -1024 1524 ) 
4 35 (0 0 1524 ) (-972 0 1524 ) (-972 -1024 1524 ) (0 -1024 1524 ) 
4 36 (-972 0 0 ) (-972 -1024 0 ) (-972 -1024 1024 ) (-972 0 1024 ) 
4 37 (-972 -1024 -648 ) (-972 -1024 0 ) (-972 0 0 ) (-972 0 -648 ) 
4 37 (0 -1024 -648 ) (-972 -1024 -648 ) (-972 0 -648 ) (0 0 -648 ) 
4 38 (-972 -1024 1524 ) (-972 -1024 1024 ) (-972 -1404 1024 ) (-972 -1404 1524 ) 
4 38 (-972 -1404 1024 ) (0 -1404 1024 ) (0 -1404 1524 ) (-972 -1404 1524 ) 
4 38 (0 -1024 1524 ) (-972 -1024 1524 ) (-972 -1404 1524 ) (0 -1404 1524 ) 
4 39 (-972 -1404 0 ) (0 -1404 0 ) (0 -1404 1024 ) (-972 -1404 1024 ) 
4 39 (-972 -1024 0 ) (-972 -1404 0 ) (-972 -1404 1024 ) (-972 -1024 1024 ) 
4 40 (-972 -1404 -648 ) (0 -1404 -648 ) (0 -1404 0 ) (-972 -1404 0 ) 
4 40 (-972 -1024 -648 ) (0 -1024 -648 ) (0 -1404 -648 ) (-972 -1404 -648 ) 
4 40 (-972 -1024 -648 ) (-972 -1404 -648 ) (-972 -1404 0 ) (-972 -1024 0 ) 
