PRT1
53
135
132
4 0 12 0 (1024 1452 1024 ) (1024 1024 1024 ) (1024 1024 1212 ) (1024 1452 1212 ) 
4 0 3 0 (1024 1024 1212 ) (1024 1024 1024 ) (1028 1024 1024 ) (1028 1024 1212 ) 
4 0 1 0 (1028 1024 1024 ) (1024 1024 1024 ) (1024 1452 1024 ) (1028 1452 1024 ) 
4 1 13 0 (1024 1452 0 ) (1024 1024 0 ) (1024 1024 1024 ) (1024 1452 1024 ) 
4 1 4 0 (1024 1024 1024 ) (1024 1024 0 ) (1028 1024 0 ) (1028 1024 1024 ) 
4 1 2 0 (1028 1024 0 ) (1024 1024 0 ) (1024 1452 0 ) (1028 1452 0 ) 
4 2 14 0 (1024 1024 -960 ) (1024 1024 0 ) (1024 1452 0 ) (1024 1452 -960 ) 
4 2 5 0 (1024 1024 0 ) (1024 1024 -960 ) (1028 1024 -960 ) (1028 1024 0 ) 
4 3 15 0 (1024 0 1024 ) (1024 0 1212 ) (1024 1024 1212 ) (1024 1024 1024 ) 
4 3 6 0 (1024 0 1212 ) (1024 0 1024 ) (1028 0 1024 ) (1028 0 1212 ) 
4 3 4 0 (1028 0 1024 ) (1024 0 1024 ) (1024 1024 1024 ) (1028 1024 1024 ) 
4 4 16 0 (1024 0 0 ) (1024 0 1024 ) (1024 1024 1024 ) (1024 1024 0 ) 
4 4 7 0 (1024 0 1024 ) (1024 0 0 ) (1028 0 0 ) (1028 0 1024 ) 
4 4 5 0 (1028 0 0 ) (1024 0 0 ) (1024 1024 0 ) (1028 1024 0 ) 
4 5 17 0 (1024 0 -960 ) (1024 0 0 ) (1024 1024 0 ) (1024 1024 -960 ) 
4 5 8 0 (1024 0 0 ) (1024 0 -960 ) (1028 0 -960 ) (1028 0 0 ) 
4 6 18 0 (1024 -1024 1024 ) (1024 -1024 1212 ) (1024 0 1212 ) (1024 0 1024 ) 
4 6 9 0 (1024 -1024 1212 ) (1024 -1024 1024 ) (1028 -1024 1024 ) (1028 -1024 1212 ) 
4 6 7 0 (1028 -1024 1024 ) (1024 -1024 1024 ) (1024 0 1024 ) (1028 0 1024 ) 
4 7 19 0 (1024 -1024 0 ) (1024 -1024 1024 ) (1024 0 1024 ) (1024 0 0 ) 
4 7 10 0 (1024 -1024 1024 ) (1024 -1024 0 ) (1028 -1024 0 ) (1028 -1024 1024 ) 
4 7 8 0 (1028 -1024 0 ) (1024 -1024 0 ) (1024 0 0 ) (1028 0 0 ) 
4 8 37 0 (1024 -1024 -960 ) (1024 -1024 0 ) (1024 0 0 ) (1024 0 -960 ) 
4 8 11 0 (1024 -1024 0 ) (1024 -1024 -960 ) (1028 -1024 -960 ) (1028 -1024 0 ) 
4 9 38 0 (1024 -1512 1212 ) (1024 -1024 1212 ) (1024 -1024 1024 ) (1024 -1512 1024 ) 
4 9 10 0 (1024 -1512 1024 ) (1024 -1024 1024 ) (1028 -1024 1024 ) (1028 -1512 1024 ) 
4 10 39 0 (1024 -1512 1024 ) (1024 -1024 1024 ) (1024 -1024 0 ) (1024 -1512 0 ) 
4 10 11 0 (1024 -1512 0 ) (1024 -1024 0 ) (1028 -1024 0 ) (1028 -1512 0 ) 
4 11 40 0 (1024 -1512 -960 ) (1024 -1512 0 ) (1024 -1024 0 ) (1024 -1024 -960 ) 
4 12 41 0 (0 1024 1024 ) (0 1024 1212 ) (0 1452 1212 ) (0 1452 1024 ) 
4 12 15 0 (0 1024 1212 ) (0 1024 1024 ) (1024 1024 1024 ) (1024 1024 1212 ) 
4 12 13 0 (1024 1024 1024 ) (0 1024 1024 ) (0 1452 1024 ) (1024 1452 1024 ) 
4 13 42 0 (0 1024 0 ) (0 1024 1024 ) (0 1452 1024 ) (0 1452 0 ) 
4 13 16 0 (0 1024 1024 ) (0 1024 0 ) (1024 1024 0 ) (1024 1024 1024 ) 
4 13 14 0 (1024 1024 0 ) (0 1024 0 ) (0 1452 0 ) (1024 1452 0 ) 
4 14 43 0 (0 1024 -960 ) (0 1024 0 ) (0 1452 0 ) (0 1452 -960 ) 
4 14 17 0 (0 1024 0 ) (0 1024 -960 ) (1024 1024 -960 ) (1024 1024 0 ) 
4 15 44 0 (0 0 1024 ) (0 0 1212 ) (0 1024 1212 ) (0 1024 1024 ) 
4 15 18 0 (0 0 1212 ) (0 0 1024 ) (1024 0 1024 ) (1024 0 1212 ) 
4 15 16 0 (1024 0 1024 ) (0 0 1024 ) (0 1024 1024 ) (1024 1024 1024 ) 
4 16 45 0 (0 0 0 ) (0 0 1024 ) (0 1024 1024 ) (0 1024 0 ) 
4 16 20 0 (192 0 0 ) (336 0 0 ) (336 0 1024 ) (192 0 1024 ) 
4 16 36 0 (0 0 1024 ) (0 0 0 ) (192 0 0 ) (192 0 1024 ) 
4 16 19 0 (336 0 0 ) (1024 0 0 ) (1024 0 1024 ) (336 0 1024 ) 
4 16 17 0 (1024 0 0 ) (0 0 0 ) (0 1024 0 ) (1024 1024 0 ) 
4 17 46 0 (0 0 -960 ) (0 0 0 ) (0 1024 0 ) (0 1024 -960 ) 
4 17 37 0 (0 0 0 ) (0 0 -960 ) (1024 0 -960 ) (1024 0 0 ) 
4 18 47 0 (0 -1024 1024 ) (0 -1024 1212 ) (0 0 1212 ) (0 0 1024 ) 
4 18 38 0 (0 -1024 1212 ) (0 -1024 1024 ) (1024 -1024 1024 ) (1024 -1024 1212 ) 
4 18 23 0 (336 -1024 1024 ) (192 -1024 1024 ) (192 -248 1024 ) (336 -248 1024 ) 
4 18 21 0 (192 -248 1024 ) (192 -240 1024 ) (336 -240 1024 ) (336 -248 1024 ) 
4 18 20 0 (192 -240 1024 ) (192 0 1024 ) (336 0 1024 ) (336 -240 1024 ) 
4 18 36 0 (192 -1024 1024 ) (0 -1024 1024 ) (0 0 1024 ) (192 0 1024 ) 
4 18 19 0 (1024 -1024 1024 ) (336 -1024 1024 ) (336 0 1024 ) (1024 0 1024 ) 
4 19 39 0 (336 -1024 0 ) (1024 -1024 0 ) (1024 -1024 1024 ) (336 -1024 1024 ) 
4 19 37 0 (1024 -1024 0 ) (336 -1024 0 ) (336 0 0 ) (1024 0 0 ) 
4 19 33 0 (336 -1024 14 ) (336 -1024 18 ) (336 -394 18 ) (336 -394 14 ) 
4 19 34 0 (336 -392 0 ) (336 -1024 0 ) (336 -1024 14 ) (336 -392 14 ) 
4 19 32 0 (336 -1024 18 ) (336 -1024 40 ) (336 -392 40 ) (336 -392 18 ) 
4 19 28 0 (336 -248 0 ) (336 -384 0 ) (336 -384 14 ) (336 -248 14 ) 
4 19 24 0 (336 -272 40 ) (336 -248 40 ) (336 -248 32 ) (336 -272 32 ) 
4 19 27 0 (336 -392 32 ) (336 -392 40 ) (336 -272 40 ) (336 -272 32 ) 
4 19 23 0 (336 -1024 40 ) (336 -1024 1024 ) (336 -248 1024 ) (336 -248 40 ) 
4 19 21 0 (336 -248 64 ) (336 -248 1024 ) (336 -240 1024 ) (336 -240 64 ) 
4 19 20 0 (336 0 0 ) (336 -240 0 ) (336 -240 1024 ) (336 0 1024 ) 
4 20 37 0 (192 -240 0 ) (192 0 0 ) (336 0 0 ) (336 -240 0 ) 
4 20 22 0 (200 -240 0 ) (328 -240 0 ) (328 -240 14 ) (200 -240 14 ) 
4 20 21 0 (192 -240 1024 ) (192 -240 64 ) (336 -240 64 ) (336 -240 1024 ) 
4 20 36 0 (192 0 0 ) (192 -240 0 ) (192 -240 1024 ) (192 0 1024 ) 
4 21 23 0 (192 -248 1024 ) (192 -248 64 ) (336 -248 64 ) (336 -248 1024 ) 
4 21 36 0 (192 -248 64 ) (192 -248 1024 ) (192 -240 1024 ) (192 -240 64 ) 
4 22 37 0 (200 -240 0 ) (328 -240 0 ) (328 -248 0 ) (200 -248 0 ) 
4 22 29 0 (200 -248 0 ) (328 -248 0 ) (328 -248 14 ) (200 -248 14 ) 
4 23 39 0 (336 -1024 40 ) (336 -1024 1024 ) (192 -1024 1024 ) (192 -1024 40 ) 
4 23 32 0 (192 -1024 40 ) (192 -392 40 ) (336 -392 40 ) (336 -1024 40 ) 
4 23 25 0 (248 -248 40 ) (280 -248 40 ) (280 -272 40 ) (248 -272 40 ) 
4 23 26 0 (192 -272 40 ) (192 -248 40 ) (208 -248 40 ) (208 -272 40 ) 
4 23 24 0 (320 -248 40 ) (336 -248 40 ) (336 -272 40 ) (320 -272 40 ) 
4 23 27 0 (192 -392 40 ) (192 -272 40 ) (336 -272 40 ) (336 -392 40 ) 
4 23 36 0 (192 -1024 40 ) (192 -1024 1024 ) (192 -248 1024 ) (192 -248 40 ) 
4 24 27 0 (320 -272 32 ) (336 -272 32 ) (336 -272 40 ) (320 -272 40 ) 
4 25 27 0 (248 -272 32 ) (280 -272 32 ) (280 -272 40 ) (248 -272 40 ) 
4 26 36 0 (192 -272 40 ) (192 -248 40 ) (192 -248 32 ) (192 -272 32 ) 
4 26 27 0 (192 -272 32 ) (208 -272 32 ) (208 -272 40 ) (192 -272 40 ) 
4 27 32 0 (336 -392 32 ) (336 -392 40 ) (192 -392 40 ) (192 -392 32 ) 
4 27 36 0 (192 -392 32 ) (192 -392 40 ) (192 -272 40 ) (192 -272 32 ) 
4 28 37 0 (328 -248 0 ) (336 -248 0 ) (336 -384 0 ) (328 -384 0 ) 
4 28 29 0 (328 -384 14 ) (328 -248 14 ) (328 -248 0 ) (328 -384 0 ) 
4 29 37 0 (200 -248 0 ) (328 -248 0 ) (328 -392 0 ) (200 -392 0 ) 
4 29 34 0 (328 -392 14 ) (200 -392 14 ) (200 -392 0 ) (328 -392 0 ) 
4 29 30 0 (200 -384 14 ) (200 -248 14 ) (200 -248 0 ) (200 -384 0 ) 
4 30 37 0 (193 -248 0 ) (200 -248 0 ) (200 -384 0 ) (193 -384 0 ) 
4 30 31 0 (193 -384 14 ) (193 -248 14 ) (193 -248 0 ) (193 -384 0 ) 
4 31 37 0 (192 -384 0 ) (192 -248 0 ) (193 -248 0 ) (193 -384 0 ) 
4 31 36 0 (192 -248 0 ) (192 -384 0 ) (192 -384 16 ) (192 -248 16 ) 
4 32 39 0 (336 -1024 18 ) (336 -1024 40 ) (192 -1024 40 ) (192 -1024 18 ) 
4 32 33 0 (336 -394 18 ) (336 -1024 18 ) (193 -1024 18 ) (193 -394 18 ) 
4 32 35 0 (192 -1024 18 ) (192 -392 18 ) (193 -392 18 ) (193 -1024 18 ) 
4 32 36 0 (192 -1024 18 ) (192 -1024 40 ) (192 -392 40 ) (192 -392 18 ) 
4 33 39 0 (336 -1024 14 ) (336 -1024 18 ) (193 -1024 18 ) (193 -1024 14 ) 
4 33 34 0 (193 -1024 14 ) (193 -394 14 ) (336 -394 14 ) (336 -1024 14 ) 
4 33 35 0 (193 -1024 18 ) (193 -394 18 ) (193 -394 14 ) (193 -1024 14 ) 
4 34 39 0 (193 -1024 0 ) (336 -1024 0 ) (336 -1024 14 ) (193 -1024 14 ) 
4 34 37 0 (336 -1024 0 ) (193 -1024 0 ) (193 -392 0 ) (336 -392 0 ) 
4 34 35 0 (193 -392 14 ) (193 -392 0 ) (193 -1024 0 ) (193 -1024 14 ) 
4 35 39 0 (192 -1024 0 ) (193 -1024 0 ) (193 -1024 18 ) (192 -1024 18 ) 
4 35 37 0 (193 -1024 0 ) (192 -1024 0 ) (192 -392 0 ) (193 -392 0 ) 
4 35 36 0 (192 -392 0 ) (192 -1024 0 ) (192 -1024 18 ) (192 -392 18 ) 
4 36 48 0 (0 -1024 0 ) (0 -1024 1024 ) (0 0 1024 ) (0 0 0 ) 
4 36 39 0 (0 -1024 1024 ) (0 -1024 0 ) (192 -1024 0 ) (192 -1024 1024 ) 
4 36 37 0 (192 -1024 0 ) (0 -1024 0 ) (0 0 0 ) (192 0 0 ) 
4 37 49 0 (0 -1024 -960 ) (0 -1024 0 ) (0 0 0 ) (0 0 -960 ) 
4 37 40 0 (0 -1024 0 ) (0 -1024 -960 ) (1024 -1024 -960 ) (1024 -1024 0 ) 
4 38 50 0 (0 -1512 1212 ) (0 -1024 1212 ) (0 -1024 1024 ) (0 -1512 1024 ) 
4 38 39 0 (0 -1512 1024 ) (0 -1024 1024 ) (1024 -1024 1024 ) (1024 -1512 1024 ) 
4 39 51 0 (0 -1512 1024 ) (0 -1024 1024 ) (0 -1024 0 ) (0 -1512 0 ) 
4 39 40 0 (0 -1512 0 ) (0 -1024 0 ) (1024 -1024 0 ) (1024 -1512 0 ) 
4 40 52 0 (0 -1512 -960 ) (0 -1512 0 ) (0 -1024 0 ) (0 -1024 -960 ) 
4 41 44 0 (-956 1024 1024 ) (0 1024 1024 ) (0 1024 1212 ) (-956 1024 1212 ) 
4 41 42 0 (0 1024 1024 ) (-956 1024 1024 ) (-956 1452 1024 ) (0 1452 1024 ) 
4 42 45 0 (-956 1024 0 ) (0 1024 0 ) (0 1024 1024 ) (-956 1024 1024 ) 
4 42 43 0 (0 1024 0 ) (-956 1024 0 ) (-956 1452 0 ) (0 1452 0 ) 
4 43 46 0 (0 1024 -960 ) (0 1024 0 ) (-956 1024 0 ) (-956 1024 -960 ) 
4 44 47 0 (0 0 1024 ) (0 0 1212 ) (-956 0 1212 ) (-956 0 1024 ) 
4 44 45 0 (0 0 1024 ) (-956 0 1024 ) (-956 1024 1024 ) (0 1024 1024 ) 
4 45 48 0 (0 0 0 ) (0 0 1024 ) (-956 0 1024 ) (-956 0 0 ) 
4 45 46 0 (0 0 0 ) (-956 0 0 ) (-956 1024 0 ) (0 1024 0 ) 
4 46 49 0 (0 0 -960 ) (0 0 0 ) (-956 0 0 ) (-956 0 -960 ) 
4 47 50 0 (-956 -1024 1024 ) (0 -1024 1024 ) (0 -1024 1212 ) (-956 -1024 1212 ) 
4 47 48 0 (0 -1024 1024 ) (-956 -1024 1024 ) (-956 0 1024 ) (0 0 1024 ) 
4 48 51 0 (-956 -1024 0 ) (0 -1024 0 ) (0 -1024 1024 ) (-956 -1024 1024 ) 
4 48 49 0 (0 -1024 0 ) (-956 -1024 0 ) (-956 0 0 ) (0 0 0 ) 
4 49 52 0 (0 -1024 -960 ) (0 -1024 0 ) (-956 -1024 0 ) (-956 -1024 -960 ) 
4 50 51 0 (-956 -1024 1024 ) (0 -1024 1024 ) (0 -1512 1024 ) (-956 -1512 1024 ) 
4 51 52 0 (-956 -1024 0 ) (0 -1024 0 ) (0 -1512 0 ) (-956 -1512 0 ) 
4 0 (1028 1024 1212 ) (1028 1024 1024 ) (1028 1452 1024 ) (1028 1452 1212 ) 
4 0 (1028 1452 1212 ) (1028 1452 1024 ) (1024 1452 1024 ) (1024 1452 1212 ) 
4 0 (1024 1024 1212 ) (1028 1024 1212 ) (1028 1452 1212 ) (1024 1452 1212 ) 
4 1 (1024 1452 1024 ) (1028 1452 1024 ) (1028 1452 0 ) (1024 1452 0 ) 
4 1 (1028 1024 1024 ) (1028 1024 0 ) (1028 1452 0 ) (1028 1452 1024 ) 
4 2 (1024 1452 -960 ) (1024 1452 0 ) (1028 1452 0 ) (1028 1452 -960 ) 
4 2 (1028 1452 -960 ) (1028 1452 0 ) (1028 1024 0 ) (1028 1024 -960 ) 
4 2 (1024 1452 -960 ) (1028 1452 -960 ) (1028 1024 -960 ) (1024 1024 -960 ) 
4 3 (1028 1024 1212 ) (1024 1024 1212 ) (1024 0 1212 ) (1028 0 1212 ) 
4 3 (1028 1024 1212 ) (1028 0 1212 ) (1028 0 1024 ) (1028 1024 1024 ) 
4 4 (1028 1024 1024 ) (1028 0 1024 ) (1028 0 0 ) (1028 1024 0 ) 
4 5 (1028 1024 -960 ) (1028 1024 0 ) (1028 0 0 ) (1028 0 -960 ) 
4 5 (1024 1024 -960 ) (1028 1024 -960 ) (1028 0 -960 ) (1024 0 -960 ) 
4 6 (1028 -1024 1212 ) (1028 -1024 1024 ) (1028 0 1024 ) (1028 0 1212 ) 
4 6 (1024 -1024 1212 ) (1028 -1024 1212 ) (1028 0 1212 ) (1024 0 1212 ) 
4 7 (1028 0 1024 ) (1028 -1024 1024 ) (1028 -1024 0 ) (1028 0 0 ) 
4 8 (1028 -1024 -960 ) (1024 -1024 -960 ) (1024 0 -960 ) (1028 0 -960 ) 
4 8 (1028 0 0 ) (1028 -1024 0 ) (1028 -1024 -960 ) (1028 0 -960 ) 
4 9 (1024 -1512 1024 ) (1028 -1512 1024 ) (1028 -1512 1212 ) (1024 -1512 1212 ) 
4 9 (1028 -1512 1212 ) (1028 -1024 1212 ) (1024 -1024 1212 ) (1024 -1512 1212 ) 
4 9 (1028 -1024 1212 ) (1028 -1512 1212 ) (1028 -1512 1024 ) (1028 -1024 1024 ) 
4 10 (1028 -1024 1024 ) (1028 -1512 1024 ) (1028 -1512 0 ) (1028 -1024 0 ) 
4 10 (1024 -1512 0 ) (1028 -1512 0 ) (1028 -1512 1024 ) (1024 -1512 1024 ) 
4 11 (1028 -1512 -960 ) (1024 -1512 -960 ) (1024 -1024 -960 ) (1028 -1024 -960 ) 
4 11 (1028 -1512 0 ) (1024 -1512 0 ) (1024 -1512 -960 ) (1028 -1512 -960 ) 
4 11 (1028 -1024 0 ) (1028 -1512 0 ) (1028 -1512 -960 ) (1028 -1024 -960 ) 
4 12 (1024 1452 1212 ) (1024 1452 1024 ) (0 1452 1024 ) (0 1452 1212 ) 
4 12 (1024 1452 1212 ) (0 1452 1212 ) (0 1024 1212 ) (1024 1024 1212 ) 
4 13 (0 1452 1024 ) (1024 1452 1024 ) (1024 1452 0 ) (0 1452 0 ) 
4 14 (1024 1024 -960 ) (0 1024 -960 ) (0 1452 -960 ) (1024 1452 -960 ) 
4 14 (0 1452 0 ) (1024 1452 0 ) (1024 1452 -960 ) (0 1452 -960 ) 
4 15 (1024 1024 1212 ) (0 1024 1212 ) (0 0 1212 ) (1024 0 1212 ) 
4 17 (1024 0 -960 ) (0 0 -960 ) (0 1024 -960 ) (1024 1024 -960 ) 
4 18 (1024 0 1212 ) (0 0 1212 ) (0 -1024 1212 ) (1024 -1024 1212 ) 
4 19 (336 -394 18 ) (336 -392 18 ) (336 -392 14 ) (336 -394 14 ) 
4 19 (336 -384 0 ) (336 -392 0 ) (336 -392 14 ) (336 -384 14 ) 
4 19 (336 -392 14 ) (336 -392 32 ) (336 -248 32 ) (336 -248 14 ) 
4 19 (336 -240 0 ) (336 -248 0 ) (336 -248 14 ) (336 -240 14 ) 
4 19 (336 -248 14 ) (336 -248 64 ) (336 -240 64 ) (336 -240 14 ) 
4 20 (192 -240 14 ) (192 -240 0 ) (200 -240 0 ) (200 -240 14 ) 
4 20 (328 -240 0 ) (336 -240 0 ) (336 -240 14 ) (328 -240 14 ) 
4 20 (192 -240 64 ) (192 -240 14 ) (336 -240 14 ) (336 -240 64 ) 
4 21 (336 -248 64 ) (192 -248 64 ) (192 -240 64 ) (336 -240 64 ) 
4 22 (328 -240 0 ) (328 -240 14 ) (328 -248 14 ) (328 -248 0 ) 
4 22 (328 -240 14 ) (200 -240 14 ) (200 -248 14 ) (328 -248 14 ) 
4 22 (200 -248 0 ) (200 -248 14 ) (200 -240 14 ) (200 -240 0 ) 
4 23 (208 -248 40 ) (248 -248 40 ) (248 -272 40 ) (208 -272 40 ) 
4 23 (280 -248 40 ) (320 -248 40 ) (320 -272 40 ) (280 -272 40 ) 
4 23 (336 -248 64 ) (336 -248 40 ) (192 -248 40 ) (192 -248 64 ) 
4 24 (320 -248 32 ) (336 -248 32 ) (336 -272 32 ) (320 -272 32 ) 
4 24 (320 -248 32 ) (320 -272 32 ) (320 -272 40 ) (320 -248 40 ) 
4 24 (320 -248 40 ) (336 -248 40 ) (336 -248 32 ) (320 -248 32 ) 
4 25 (248 -248 32 ) (280 -248 32 ) (280 -272 32 ) (248 -272 32 ) 
4 25 (280 -248 40 ) (280 -272 40 ) (280 -272 32 ) (280 -248 32 ) 
4 25 (248 -248 40 ) (280 -248 40 ) (280 -248 32 ) (248 -248 32 ) 
4 25 (248 -248 32 ) (248 -272 32 ) (248 -272 40 ) (248 -248 40 ) 
4 26 (192 -272 32 ) (192 -248 32 ) (193 -248 32 ) (193 -272 32 ) 
4 26 (193 -248 32 ) (200 -248 32 ) (200 -272 32 ) (193 -272 32 ) 
4 26 (200 -248 32 ) (208 -248 32 ) (208 -272 32 ) (200 -272 32 ) 
4 26 (208 -248 40 ) (208 -272 40 ) (208 -272 32 ) (208 -248 32 ) 
4 26 (208 -248 40 ) (208 -248 32 ) (192 -248 32 ) (192 -248 40 ) 
4 27 (193 -392 32 ) (192 -392 32 ) (192 -272 32 ) (193 -272 32 ) 
4 27 (200 -392 32 ) (193 -392 32 ) (193 -272 32 ) (200 -272 32 ) 
4 27 (336 -392 32 ) (200 -392 32 ) (200 -272 32 ) (336 -272 32 ) 
4 27 (208 -272 40 ) (248 -272 40 ) (248 -272 32 ) (208 -272 32 ) 
4 27 (280 -272 40 ) (320 -272 40 ) (320 -272 32 ) (280 -272 32 ) 
4 28 (328 -248 14 ) (336 -248 14 ) (336 -248 0 ) (328 -248 0 ) 
4 28 (336 -384 14 ) (336 -248 14 ) (328 -248 14 ) (328 -384 14 ) 
4 28 (328 -384 14 ) (328 -384 0 ) (336 -384 0 ) (336 -384 14 ) 
4 29 (200 -392 0 ) (200 -392 14 ) (200 -384 14 ) (200 -384 0 ) 
4 29 (328 -384 0 ) (328 -384 14 ) (328 -392 14 ) (328 -392 0 ) 
4 29 (328 -248 14 ) (200 -248 14 ) (200 -392 14 ) (328 -392 14 ) 
4 30 (193 -248 14 ) (200 -248 14 ) (200 -248 0 ) (193 -248 0 ) 
4 30 (200 -384 14 ) (200 -248 14 ) (193 -248 14 ) (193 -384 14 ) 
4 30 (200 -384 0 ) (200 -384 14 ) (193 -384 14 ) (193 -384 0 ) 
4 31 (192 -384 16 ) (193 -384 16 ) (193 -248 16 ) (192 -248 16 ) 
4 31 (193 -248 16 ) (193 -248 14 ) (192 -248 14 ) (192 -248 16 ) 
4 31 (193 -248 14 ) (193 -248 0 ) (192 -248 0 ) (192 -248 14 ) 
4 31 (193 -384 14 ) (193 -248 14 ) (193 -248 16 ) (193 -384 16 ) 
4 31 (193 -384 0 ) (193 -384 16 ) (192 -384 16 ) (192 -384 0 ) 
4 32 (193 -392 18 ) (336 -392 18 ) (336 -394 18 ) (193 -394 18 ) 
4 32 (200 -392 18 ) (200 -392 32 ) (336 -392 32 ) (336 -392 18 ) 
4 32 (200 -392 18 ) (193 -392 18 ) (193 -392 32 ) (200 -392 32 ) 
4 32 (193 -392 18 ) (192 -392 18 ) (192 -392 32 ) (193 -392 32 ) 
4 33 (336 -394 18 ) (336 -394 14 ) (193 -394 14 ) (193 -394 18 ) 
4 34 (336 -394 14 ) (336 -392 14 ) (193 -392 14 ) (193 -394 14 ) 
4 34 (328 -392 0 ) (328 -392 14 ) (336 -392 14 ) (336 -392 0 ) 
4 34 (193 -392 14 ) (200 -392 14 ) (200 -392 0 ) (193 -392 0 ) 
4 35 (193 -394 14 ) (193 -392 14 ) (193 -392 18 ) (193 -394 18 ) 
4 35 (193 -392 16 ) (193 -392 0 ) (192 -392 0 ) (192 -392 16 ) 
4 35 (193 -392 18 ) (193 -392 16 ) (192 -392 16 ) (192 -392 18 ) 
4 36 (192 -384 16 ) (192 -392 16 ) (192 -392 0 ) (192 -384 0 ) 
4 36 (192 -248 16 ) (192 -248 32 ) (192 -392 32 ) (192 -392 16 ) 
4 36 (192 -240 14 ) (192 -248 14 ) (192 -248 0 ) (192 -240 0 ) 
4 36 (192 -240 14 ) (192 -240 64 ) (192 -248 64 ) (192 -248 14 ) 
4 37 (328 -248 0 ) (336 -248 0 ) (336 -240 0 ) (328 -240 0 ) 
4 37 (200 -248 0 ) (200 -240 0 ) (192 -240 0 ) (192 -248 0 ) 
4 37 (328 -384 0 ) (328 -392 0 ) (336 -392 0 ) (336 -384 0 ) 
4 37 (193 -384 0 ) (193 -392 0 ) (200 -392 0 ) (200 -384 0 ) 
4 37 (193 -392 0 ) (193 -384 0 ) (192 -384 0 ) (192 -392 0 ) 
4 37 (1024 -1024 -960 ) (0 -1024 -960 ) (0 0 -960 ) (1024 0 -960 ) 
4 38 (1024 -1512 1212 ) (1024 -1024 1212 ) (0 -1024 1212 ) (0 -1512 1212 ) 
4 38 (0 -1512 1024 ) (1024 -1512 1024 ) (1024 -1512 1212 ) (0 -1512 1212 ) 
4 39 (0 -1512 0 ) (1024 -1512 0 ) (1024 -1512 1024 ) (0 -1512 1024 ) 
4 40 (1024 -1512 -960 ) (1024 -1512 0 ) (0 -1512 0 ) (0 -1512 -960 ) 
4 40 (1024 -1512 -960 ) (0 -1512 -960 ) (0 -1024 -960 ) (1024 -1024 -960 ) 
4 41 (-956 1452 1212 ) (0 1452 1212 ) (0 1452 1024 ) (-956 1452 1024 ) 
4 41 (0 1452 1212 ) (-956 1452 1212 ) (-956 1024 1212 ) (0 1024 1212 ) 
4 41 (-956 1452 1212 ) (-956 1452 1024 ) (-956 1024 1024 ) (-956 1024 1212 ) 
4 42 (-956 1452 0 ) (-956 1024 0 ) (-956 1024 1024 ) (-956 1452 1024 ) 
4 42 (0 1452 1024 ) (0 1452 0 ) (-956 1452 0 ) (-956 1452 1024 ) 
4 43 (-956 1452 0 ) (-956 1452 -960 ) (-956 1024 -960 ) (-956 1024 0 ) 
4 43 (-956 1452 -960 ) (-956 1452 0 ) (0 1452 0 ) (0 1452 -960 ) 
4 43 (0 1024 -960 ) (-956 1024 -960 ) (-956 1452 -960 ) (0 1452 -960 ) 
4 44 (0 1024 1212 ) (-956 1024 1212 ) (-956 0 1212 ) (0 0 1212 ) 
4 44 (-956 1024 1024 ) (-956 0 1024 ) (-956 0 1212 ) (-956 1024 1212 ) 
4 45 (-956 1024 0 ) (-956 0 0 ) (-956 0 1024 ) (-956 1024 1024 ) 
4 46 (0 0 -960 ) (-956 0 -960 ) (-956 1024 -960 ) (0 1024 -960 ) 
4 46 (-956 1024 -960 ) (-956 0 -960 ) (-956 0 0 ) (-956 1024 0 ) 
4 47 (-956 0 1212 ) (-956 0 1024 ) (-956 -1024 1024 ) (-956 -1024 1212 ) 
4 47 (0 0 1212 ) (-956 0 1212 ) (-956 -1024 1212 ) (0 -1024 1212 ) 
4 48 (-956 0 0 ) (-956 -1024 0 ) (-956 -1024 1024 ) (-956 0 1024 ) 
4 49 (-956 -1024 -960 ) (-956 -1024 0 ) (-956 0 0 ) (-956 0 -960 ) 
4 49 (0 -1024 -960 ) (-956 -1024 -960 ) (-956 0 -960 ) (0 0 -960 ) 
4 50 (-956 -1024 1212 ) (-956 -1024 1024 ) (-956 -1512 1024 ) (-956 -1512 1212 ) 
4 50 (-956 -1512 1024 ) (0 -1512 1024 ) (0 -1512 1212 ) (-956 -1512 1212 ) 
4 50 (0 -1024 1212 ) (-956 -1024 1212 ) (-956 -1512 1212 ) (0 -1512 1212 ) 
4 51 (-956 -1512 0 ) (0 -1512 0 ) (0 -1512 1024 ) (-956 -1512 1024 ) 
4 51 (-956 -1024 0 ) (-956 -1512 0 ) (-956 -1512 1024 ) (-956 -1024 1024 ) 
4 52 (-956 -1512 -960 ) (0 -1512 -960 ) (0 -1512 0 ) (-956 -1512 0 ) 
4 52 (-956 -1024 -960 ) (0 -1024 -960 ) (0 -1512 -960 ) (-956 -1512 -960 ) 
4 52 (-956 -1024 -960 ) (-956 -1512 -960 ) (-956 -1512 0 ) (-956 -1024 0 ) 
